<html>
<body>
<pre>
<h1>µVision Build Log</h1>
<h2>Tool Versions:</h2>
IDE-Version: ¦ÌVision V5.22.0.0
Copyright (C) 2016 ARM Ltd and ARM Germany GmbH. All rights reserved.
License Information: weng Microsoft, Microsoft, LIC=GMZGK-Z08VI-624LB-2KRU8-2YWSM-1BV9L
 
Tool Versions:
Toolchain:       MDK-ARM Plus  Version: 5.22
Toolchain Path:  D:\Keil_v5_for_ARM\ARM\ARMCC\Bin
C Compiler:      Armcc.exe V5.06 update 4 (build 422)
Assembler:       Armasm.exe V5.06 update 4 (build 422)
Linker/Locator:  ArmLink.exe V5.06 update 4 (build 422)
Library Manager: ArmAr.exe V5.06 update 4 (build 422)
Hex Converter:   FromElf.exe V5.06 update 4 (build 422)
CPU DLL:         SARMCM3.DLL V5.22
Dialog DLL:      DCM.DLL V1.13.9.0
Target DLL:      STLink\ST-LINKIII-KEIL_SWO.dll V2.0.18.0
Dialog DLL:      TCM.DLL V1.21.0.0
 
<h2>Project:</h2>
E:\Synchronization\CodeProject\GitHub\Defond\Battery_Detection\Software\EmbedSoftware\Battery_Detection_STM32F429_Project\Project\RVMDK£¨uv5£©\Battery_Detection_STM32F429_Project.uvprojx
Project File Date:  12/14/2016

<h2>Output:</h2>
*** Using Compiler 'V5.06 update 4 (build 422)', folder: 'D:\Keil_v5_for_ARM\ARM\ARMCC\Bin'
Rebuild target 'Battery_Detection_STM32F429_Project'
assembling startup_stm32f429_439xx.s...
compiling main.c...
compiling stm32f4xx_it.c...
compiling system_stm32f4xx.c...
compiling bsp_clkconfig.c...
compiling bsp_debug_usart.c...
..\..\User\bsp\usart\bsp_debug_usart.c(26): warning:  #177-D: function "NVIC_Configuration"  was declared but never referenced
  static void NVIC_Configuration(void)
..\..\User\bsp\usart\bsp_debug_usart.c: 1 warning, 0 errors
compiling bsp_led.c...
compiling bsp_SysTick.c...
..\..\User\bsp\systick\../sysclock/bsp_sysclock.h(24): warning:  #1-D: last line of file ends without a newline
  #endif 
..\..\User\bsp\systick\bsp_SysTick.c: 1 warning, 0 errors
compiling bsp_delay.c...
compiling bsp_basic_tim.c...
compiling bsp_spi3.c...
compiling LTC68041.c...
compiling misc.c...
compiling stm32f4xx_adc.c...
compiling stm32f4xx_cec.c...
compiling stm32f4xx_can.c...
compiling stm32f4xx_cryp.c...
compiling stm32f4xx_crc.c...
compiling stm32f4xx_cryp_des.c...
compiling stm32f4xx_cryp_tdes.c...
compiling stm32f4xx_cryp_aes.c...
compiling stm32f4xx_dac.c...
compiling stm32f4xx_dbgmcu.c...
compiling stm32f4xx_dcmi.c...
compiling stm32f4xx_dma.c...
compiling stm32f4xx_dma2d.c...
compiling stm32f4xx_exti.c...
compiling stm32f4xx_flash_ramfunc.c...
compiling stm32f4xx_flash.c...
compiling stm32f4xx_fmc.c...
compiling stm32f4xx_fmpi2c.c...
compiling stm32f4xx_gpio.c...
compiling stm32f4xx_hash_md5.c...
compiling stm32f4xx_hash.c...
compiling stm32f4xx_i2c.c...
compiling stm32f4xx_hash_sha1.c...
compiling stm32f4xx_iwdg.c...
compiling stm32f4xx_pwr.c...
compiling stm32f4xx_ltdc.c...
compiling stm32f4xx_qspi.c...
compiling stm32f4xx_rng.c...
compiling stm32f4xx_rcc.c...
compiling stm32f4xx_rtc.c...
compiling stm32f4xx_sai.c...
compiling stm32f4xx_sdio.c...
compiling stm32f4xx_spdifrx.c...
compiling stm32f4xx_spi.c...
compiling stm32f4xx_syscfg.c...
compiling stm32f4xx_tim.c...
compiling stm32f4xx_usart.c...
compiling stm32f4xx_wwdg.c...
linking...
Program Size: Code=7916 RO-data=1484 RW-data=40 ZI-data=1616  
FromELF: creating hex file...
"..\..\Output\Template.axf" - 0 Error(s), 2 Warning(s).

<h2>Collection of Component include folders:</h2>
  E:\Synchronization\CodeProject\GitHub\Defond\Battery_Detection\Software\EmbedSoftware\Battery_Detection_STM32F429_Project\Project\RVMDK£¨uv5£©\RTE\_Battery_Detection_STM32F429_Project
  D:\Keil_v5_for_ARM\ARM\PACK\Keil\STM32F4xx_DFP\2.10.0\Drivers\CMSIS\Device\ST\STM32F4xx\Include

<h2>Collection of Component Files used:</h2>
Build Time Elapsed:  00:00:29
</pre>
</body>
</html>
